
> aliada-web@0.1.0 build
> next build

▲ Next.js 16.3.5 (Turbopack)
- Environments: .env.local
✓ Running next.config.ts took 56ms

  Creating an optimized production build ...
✓ Compiled successfully in 515ms
  Running TypeScript ...
  Finished TypeScript in 2.7s ...
  Collecting page data using 7 workers ...
  Generating static pages using 7 workers (0/6) ...
  Generating static pages using 7 workers (1/6) 
  Generating static pages using 7 workers (2/6) 
  Generating static pages using 7 workers (4/6) 
✓ Generating static pages using 7 workers (6/6) in 1331ms
  Finalizing page optimization ...

Route (app)
┌ ○ /
├ ○ /_not-found
├ ƒ /api/community
├ ○ /apple-icon.png
└ ○ /icon.png


○  (Static)   prerendered as static content
ƒ  (Dynamic)  server-rendered on demand

